// Jest Snapshot v1, https://goo.gl/fbAQLP

exports[`ResultsContainer should render the snapshot 1`] = `
<section
  className="results-container-section"
>
  <div
    className="results-pagination-div"
  >
    <img
      alt="previous-results"
      id="left-arrow"
      onClick={[Function]}
      src="leftArrow.svg"
    />
    <h2>
      Showing undefined of 2
    </h2>
    <img
      alt="more-results"
      id="right-arrow"
      onClick={[Function]}
      src="next.svg"
    />
  </div>
  <h2
    className="error"
  >
    No results, please try again
  </h2>
</section>
`;

exports[`ResultsContainer should update the snapshot when an arrow is clicked 1`] = `
<section
  className="results-container-section"
>
  <div
    className="results-pagination-div"
  >
    <img
      alt="previous-results"
      id="left-arrow"
      onClick={[Function]}
      src="leftArrow.svg"
    />
    <h2>
      Showing undefined of 2
    </h2>
    <img
      alt="more-results"
      id="right-arrow"
      onClick={[Function]}
      src="next.svg"
    />
  </div>
  <h2
    className="error"
  >
    No results, please try again
  </h2>
</section>
`;
